<?xml version="1.0" encoding="utf-8"?><testsuites name="pytest tests"><testsuite name="pytest" errors="0" failures="0" skipped="0" tests="55" time="1.050" timestamp="2026-05-05T17:13:15.472585+08:00" hostname="CompAsias-MacBook-Air-3.local"><testcase classname="test_store_locator.TestDetectLanguage" name="test_english_message" time="0.000" /><testcase classname="test_store_locator.TestDetectLanguage" name="test_malay_message" time="0.000" /><testcase classname="test_store_locator.TestDetectLanguage" name="test_malay_with_location" time="0.000" /><testcase classname="test_store_locator.TestDetectLanguage" name="test_mixed_defaults_to_english" time="0.000" /><testcase classname="test_store_locator.TestDetectLanguage" name="test_empty_string" time="0.000" /><testcase classname="test_store_locator.TestDetectLocation" name="test_full_state_name" time="0.001" /><testcase classname="test_store_locator.TestDetectLocation" name="test_abbreviation_kl" time="0.001" /><testcase classname="test_store_locator.TestDetectLocation" name="test_abbreviation_jb" time="0.000" /><testcase classname="test_store_locator.TestDetectLocation" name="test_multi_word_beats_single_word" time="0.000" /><testcase classname="test_store_locator.TestDetectLocation" name="test_multi_word_phrase" time="0.000" /><testcase classname="test_store_locator.TestDetectLocation" name="test_case_insensitive" time="0.000" /><testcase classname="test_store_locator.TestDetectLocation" name="test_no_location" time="0.000" /><testcase classname="test_store_locator.TestDetectLocation" name="test_partial_word_not_matched" time="0.000" /><testcase classname="test_store_locator.TestDetectLocation" name="test_malay_sentence" time="0.000" /><testcase classname="test_store_locator.TestDetectLocation" name="test_sarawak" time="0.000" /><testcase classname="test_store_locator.TestDetectLocation" name="test_ampang" time="0.000" /><testcase classname="test_store_locator.TestFindMatchingStores" name="test_finds_active_stores" time="0.005" /><testcase classname="test_store_locator.TestFindMatchingStores" name="test_splits_closed_stores" time="0.001" /><testcase classname="test_store_locator.TestFindMatchingStores" name="test_no_match_returns_empty" time="0.001" /><testcase classname="test_store_locator.TestFindMatchingStores" name="test_state_level_match" time="0.001" /><testcase classname="test_store_locator.TestFindMatchingStores" name="test_store_dict_has_required_keys" time="0.001" /><testcase classname="test_store_locator.TestFindMatchingStores" name="test_alias_kl_matches_kuala_lumpur" time="0.001" /><testcase classname="test_store_locator.TestFindMatchingStores" name="test_ampang_finds_ampang_point" time="0.002" /><testcase classname="test_store_locator.TestBuildStoreLocatorPrompt" name="test_english_prompt_contains_store_name" time="0.001" /><testcase classname="test_store_locator.TestBuildStoreLocatorPrompt" name="test_malay_prompt_in_malay" time="0.001" /><testcase classname="test_store_locator.TestBuildStoreLocatorPrompt" name="test_caps_at_five_stores" time="0.000" /><testcase classname="test_store_locator.TestLoadStores" name="test_loads_real_csv" time="0.001" /><testcase classname="test_store_locator.TestLoadStores" name="test_cache_returns_same_object" time="0.001" /><testcase classname="test_store_locator.TestStoreLocatorEndpoint" name="test_missing_user_message_returns_400" time="0.545" /><testcase classname="test_store_locator.TestStoreLocatorEndpoint" name="test_empty_user_message_returns_400" time="0.001" /><testcase classname="test_store_locator.TestStoreLocatorEndpoint" name="test_no_location_returns_needs_location_true" time="0.001" /><testcase classname="test_store_locator.TestStoreLocatorEndpoint" name="test_english_no_location_reply_in_english" time="0.001" /><testcase classname="test_store_locator.TestStoreLocatorEndpoint" name="test_malay_no_location_reply_in_malay" time="0.001" /><testcase classname="test_store_locator.TestStoreLocatorEndpoint" name="test_location_found_returns_stores" time="0.003" /><testcase classname="test_store_locator.TestStoreLocatorEndpoint" name="test_response_has_all_keys" time="0.003" /><testcase classname="test_store_locator.TestStoreLocatorEndpoint" name="test_store_objects_have_required_fields" time="0.002" /><testcase classname="test_store_locator.TestStoreLocatorEndpoint" name="test_closed_stores_separated" time="0.003" /><testcase classname="test_store_locator.TestStoreLocatorEndpoint" name="test_ampang_endpoint_returns_store" time="0.003" /><testcase classname="test_store_locator.TestStoreLocatorEndpoint" name="test_unrecognised_location_asks_for_clarification" time="0.001" /><testcase classname="test_store_locator.TestStoreLocatorEndpoint" name="test_llm_failure_falls_back_gracefully" time="0.003" /><testcase classname="test_store_locator.TestIsLocationQuery" name="test_nearest_store" time="0.000" /><testcase classname="test_store_locator.TestIsLocationQuery" name="test_nearest_outlet" time="0.000" /><testcase classname="test_store_locator.TestIsLocationQuery" name="test_branch_question" time="0.000" /><testcase classname="test_store_locator.TestIsLocationQuery" name="test_kedai_malay" time="0.000" /><testcase classname="test_store_locator.TestIsLocationQuery" name="test_cawangan_malay" time="0.000" /><testcase classname="test_store_locator.TestIsLocationQuery" name="test_where_and_location" time="0.000" /><testcase classname="test_store_locator.TestIsLocationQuery" name="test_find_store" time="0.000" /><testcase classname="test_store_locator.TestIsLocationQuery" name="test_product_question_not_triggered" time="0.000" /><testcase classname="test_store_locator.TestIsLocationQuery" name="test_price_question_not_triggered" time="0.000" /><testcase classname="test_store_locator.TestIsLocationQuery" name="test_empty_string" time="0.000" /><testcase classname="test_store_locator.TestEngineMatchStoreLocatorIntercept" name="test_location_question_returns_store_locator_match" time="0.003" /><testcase classname="test_store_locator.TestEngineMatchStoreLocatorIntercept" name="test_location_question_store_locator_has_stores" time="0.003" /><testcase classname="test_store_locator.TestEngineMatchStoreLocatorIntercept" name="test_no_location_in_question_asks_for_it" time="0.001" /><testcase classname="test_store_locator.TestEngineMatchStoreLocatorIntercept" name="test_malay_location_question_intercepted" time="0.003" /><testcase classname="test_store_locator.TestEngineMatchStoreLocatorIntercept" name="test_non_location_question_not_intercepted" time="0.084" /></testsuite></testsuites>